2026-07-12 08:43:39 [INFO] ==================================================
2026-07-12 08:43:39 [INFO] REINS 自動ダウンロード 開始
2026-07-12 08:43:41 [INFO] ログインページを開いています…
2026-07-12 08:43:46 [ERROR] エラー: Locator.fill: Error: Input of type "checkbox" cannot be filled
Call log:
  - waiting for get_by_label("ユーザID")
    - locator resolved to <input value="true" type="checkbox" id="__BVID__18" class="custom-control-input"/>
    - fill("377503354014")
  - attempting fill action
    - waiting for element to be visible, enabled and editable
Traceback (most recent call last):
  File "/Users/kobayashimasahiro/Documents/ai/reins-downloader/reins_downloader.py", line 522, in run
    reins.login()
    ~~~~~~~~~~~^^
  File "/Users/kobayashimasahiro/Documents/ai/reins-downloader/reins_downloader.py", line 250, in login
    self.page.get_by_label(self.sel["login_user_id"]).fill(c["user_id"])
    ~~~~~~~~~~~~~~~~~~~~~~~~~~~~~~~~~~~~~~~~~~~~~~~~~~~~~~^^^^^^^^^^^^^^
  File "/Library/Frameworks/Python.framework/Versions/3.13/lib/python3.13/site-packages/playwright/sync_api/_generated.py", line 17780, in fill
    self._sync(
    ~~~~~~~~~~^
        self._impl_obj.fill(
        ^^^^^^^^^^^^^^^^^^^^
    ...<4 lines>...
        )
        ^
    )
    ^
  File "/Library/Frameworks/Python.framework/Versions/3.13/lib/python3.13/site-packages/playwright/_impl/_sync_base.py", line 115, in _sync
    return task.result()
           ~~~~~~~~~~~^^
  File "/Library/Frameworks/Python.framework/Versions/3.13/lib/python3.13/site-packages/playwright/_impl/_locator.py", line 216, in fill
    return await self._frame.fill(self._selector, strict=True, **params)
           ^^^^^^^^^^^^^^^^^^^^^^^^^^^^^^^^^^^^^^^^^^^^^^^^^^^^^^^^^^^^^
  File "/Library/Frameworks/Python.framework/Versions/3.13/lib/python3.13/site-packages/playwright/_impl/_frame.py", line 610, in fill
    await self._fill(**locals_to_params(locals()))
  File "/Library/Frameworks/Python.framework/Versions/3.13/lib/python3.13/site-packages/playwright/_impl/_frame.py", line 622, in _fill
    await self._channel.send("fill", self._timeout, locals_to_params(locals()))
  File "/Library/Frameworks/Python.framework/Versions/3.13/lib/python3.13/site-packages/playwright/_impl/_connection.py", line 69, in send
    return await self._connection.wrap_api_call(
           ^^^^^^^^^^^^^^^^^^^^^^^^^^^^^^^^^^^^^
    ...<3 lines>...
    )
    ^
  File "/Library/Frameworks/Python.framework/Versions/3.13/lib/python3.13/site-packages/playwright/_impl/_connection.py", line 559, in wrap_api_call
    raise rewrite_error(error, f"{parsed_st['apiName']}: {error}") from None
playwright._impl._errors.Error: Locator.fill: Error: Input of type "checkbox" cannot be filled
Call log:
  - waiting for get_by_label("ユーザID")
    - locator resolved to <input value="true" type="checkbox" id="__BVID__18" class="custom-control-input"/>
    - fill("377503354014")
  - attempting fill action
    - waiting for element to be visible, enabled and editable

2026-07-12 08:43:46 [INFO] エラー時の画面を error_screenshot.png に保存しました。
2026-07-12 08:43:46 [INFO] 終了 (code=1)
